INFO:     Waiting for application shutdown.
INFO:     Application shutdown complete.
INFO:     Finished server process [217269]
Traceback (most recent call last):
  File "/home/jules/.pyenv/versions/3.12.13/bin/uvicorn", line 6, in <module>
    sys.exit(main())
             ^^^^^^
  File "/home/jules/.pyenv/versions/3.12.13/lib/python3.12/site-packages/click/core.py", line 1524, in __call__
    return self.main(*args, **kwargs)
           ^^^^^^^^^^^^^^^^^^^^^^^^^^
  File "/home/jules/.pyenv/versions/3.12.13/lib/python3.12/site-packages/click/core.py", line 1445, in main
    rv = self.invoke(ctx)
         ^^^^^^^^^^^^^^^^
  File "/home/jules/.pyenv/versions/3.12.13/lib/python3.12/site-packages/click/core.py", line 1308, in invoke
    return ctx.invoke(self.callback, **ctx.params)
           ^^^^^^^^^^^^^^^^^^^^^^^^^^^^^^^^^^^^^^^
  File "/home/jules/.pyenv/versions/3.12.13/lib/python3.12/site-packages/click/core.py", line 877, in invoke
    return callback(*args, **kwargs)
           ^^^^^^^^^^^^^^^^^^^^^^^^^
  File "/home/jules/.pyenv/versions/3.12.13/lib/python3.12/site-packages/uvicorn/main.py", line 441, in main
    run(
  File "/home/jules/.pyenv/versions/3.12.13/lib/python3.12/site-packages/uvicorn/main.py", line 609, in run
    config.load_app()
  File "/home/jules/.pyenv/versions/3.12.13/lib/python3.12/site-packages/uvicorn/config.py", line 415, in load_app
    return import_from_string(self.app)
           ^^^^^^^^^^^^^^^^^^^^^^^^^^^^
  File "/home/jules/.pyenv/versions/3.12.13/lib/python3.12/site-packages/uvicorn/importer.py", line 22, in import_from_string
    raise exc from None
  File "/home/jules/.pyenv/versions/3.12.13/lib/python3.12/site-packages/uvicorn/importer.py", line 19, in import_from_string
    module = importlib.import_module(module_str)
             ^^^^^^^^^^^^^^^^^^^^^^^^^^^^^^^^^^^
  File "/home/jules/.pyenv/versions/3.12.13/lib/python3.12/importlib/__init__.py", line 90, in import_module
    return _bootstrap._gcd_import(name[level:], package, level)
           ^^^^^^^^^^^^^^^^^^^^^^^^^^^^^^^^^^^^^^^^^^^^^^^^^^^^
  File "<frozen importlib._bootstrap>", line 1387, in _gcd_import
  File "<frozen importlib._bootstrap>", line 1360, in _find_and_load
  File "<frozen importlib._bootstrap>", line 1331, in _find_and_load_unlocked
  File "<frozen importlib._bootstrap>", line 935, in _load_unlocked
  File "<frozen importlib._bootstrap_external>", line 999, in exec_module
  File "<frozen importlib._bootstrap>", line 488, in _call_with_frames_removed
  File "/app/backend/main.py", line 6, in <module>
    from app.api.v1.endpoints import auth, users, resumes, ai
  File "/app/backend/app/api/v1/endpoints/auth.py", line 3, in <module>
    from ...db.mongodb import get_database
ModuleNotFoundError: No module named 'app.api.db'
